1758309715,,,/home/lunarz/2025-09-19 14-04-18.mkv,49
1758309816,,,/home/lunarz/2025-09-19 14-04-18.mkv,49
1758309956,,,/home/lunarz/2025-09-19 14-04-18.mkv,49
1758310090,,,/home/lunarz/2025-09-19 14-04-18.mkv,49
1760240483,,,/home/lunarz/Pictures/iPhone/MOVs/f1109349368_ftyp.mov,67
1760240483,,,/home/lunarz/Pictures/iPhone/MOVs/f1111826000_ftyp.mov,67
1760240556,,,/home/lunarz/Pictures/iPhone/MOVs/f1201572528_ftyp.mov,67
1760240559,,,/home/lunarz/Pictures/iPhone/MOVs/f1204649800_ftyp.mov,67
1760246418,,,/home/lunarz/Pictures/iPhone/MOVs/f168755200_ftyp.mov,66
1760246452,,,/home/lunarz/Pictures/iPhone/MOVs/f309715544_ftyp.mov,66
1760246463,,,/home/lunarz/Pictures/iPhone/MOVs/f168755200_ftyp.mov,66
1760246473,,,/home/lunarz/Pictures/iPhone/MOVs/f1002776864_ftyp.mov,67
1760246473,,,/home/lunarz/Pictures/iPhone/MOVs/f1002779640_ftyp.mov,67
1760246473,,,/home/lunarz/Pictures/iPhone/MOVs/f1003067064_ftyp.mov,67
1760246476,,,/home/lunarz/Pictures/iPhone/MOVs/f1002779640_ftyp.mov,67
1760246476,,,/home/lunarz/Pictures/iPhone/MOVs/f1003067064_ftyp.mov,67
1760246478,,,/home/lunarz/Pictures/iPhone/MOVs/f1003067064_ftyp.mov,67
1760246483,,,/home/lunarz/Pictures/iPhone/MOVs/f1029873664_ftyp.mov,67
1760246484,,,/home/lunarz/Pictures/iPhone/MOVs/f1030198784_ftyp.mov,67
1760246490,,,/home/lunarz/Pictures/iPhone/MOVs/f1029873664_ftyp.mov,67
1760246491,,,/home/lunarz/Pictures/iPhone/MOVs/f1030198784_ftyp.mov,67
1760246493,,,/home/lunarz/Pictures/iPhone/MOVs/f168755200_ftyp.mov,66
1760246523,,,/home/lunarz/Pictures/iPhone/MOVs/f168755200_ftyp.mov,66
1760246529,,,/home/lunarz/Pictures/iPhone/MOVs/f2220097536_ftyp.mov,67
1760246529,,,/home/lunarz/Pictures/iPhone/MOVs/f2359017472_ftyp.mov,67
1760246532,,,/home/lunarz/Pictures/iPhone/MOVs/f2220097536_ftyp.mov,67
1760246532,,,/home/lunarz/Pictures/iPhone/MOVs/f2359017472_ftyp.mov,67
1760246540,,,/home/lunarz/Pictures/iPhone/MOVs/f168755200_ftyp.mov,66
1760246550,,,/home/lunarz/Pictures/iPhone/MOVs/f359154256_ftyp.mov,66
1760246557,,,/home/lunarz/Pictures/iPhone/MOVs/f360101480_ftyp.mov,66
1760246557,,,/home/lunarz/Pictures/iPhone/MOVs/f360104256_ftyp.mov,66
1760246557,,,/home/lunarz/Pictures/iPhone/MOVs/f361185912_ftyp.mov,66
1760246560,,,/home/lunarz/Pictures/iPhone/MOVs/f360104256_ftyp.mov,66
1760246560,,,/home/lunarz/Pictures/iPhone/MOVs/f361185912_ftyp.mov,66
1760246566,,,/home/lunarz/Pictures/iPhone/MOVs/f436764672_ftyp.mov,66
1760246574,,,/home/lunarz/Pictures/iPhone/MOVs/f436764672_ftyp.mov,66
1760246576,,,/home/lunarz/Pictures/iPhone/MOVs/f436764672_ftyp.mov,66
1760246579,,,/home/lunarz/Pictures/iPhone/MOVs/f436764672_ftyp.mov,66
1760246593,,,/home/lunarz/Pictures/iPhone/MOVs/f667480064_ftyp.mov,66
1760246593,,,/home/lunarz/Pictures/iPhone/MOVs/f667680768_ftyp.mov,66
1760246598,,,/home/lunarz/Pictures/iPhone/MOVs/f436764672_ftyp.mov,66
1760246601,,,/home/lunarz/Pictures/iPhone/MOVs/f436764672_ftyp.mov,66
1760246607,,,/home/lunarz/Pictures/iPhone/MOVs/f1826095104_ftyp.mov,67
1760246612,,,/home/lunarz/Pictures/iPhone/MOVs/f717976976_ftyp.mov,66
1760246614,,,/home/lunarz/Pictures/iPhone/MOVs/f721674656_ftyp.mov,66
1760246619,,,/home/lunarz/Pictures/iPhone/MOVs/f705884520_ftyp.mov,66
1760246622,,,/home/lunarz/Pictures/iPhone/MOVs/f717761384_ftyp.mov,66
1760246624,,,/home/lunarz/Pictures/iPhone/MOVs/f717780304_ftyp.mov,66
1760246628,,,/home/lunarz/Pictures/iPhone/MOVs/f705708032_ftyp.mov,66
1760246628,,,/home/lunarz/Pictures/iPhone/MOVs/f705821472_ftyp.mov,66
1760246639,,,/home/lunarz/Pictures/iPhone/MOVs/f680017920_ftyp.mov,66
1760246642,,,/home/lunarz/Pictures/iPhone/MOVs/f680017920_ftyp.mov,66
1760246648,,,/home/lunarz/Pictures/iPhone/MOVs/f668876800_ftyp.mov,66
1760246654,,,/home/lunarz/Pictures/iPhone/MOVs/f668953688_ftyp.mov,66
1760246658,,,/home/lunarz/Pictures/iPhone/MOVs/f668991488_ftyp.mov,66
1760246666,,,/home/lunarz/Pictures/iPhone/MOVs/f168755200_ftyp.mov,66
1760249149,,,/home/lunarz/Pictures/BackupVideos/01c3610256eb8debf5f3f57e44d25ad4a5cf4dc8,88
1760249163,,,/home/lunarz/Pictures/BackupVideos/0201eb052f8324b0cb96d0d149e145b84ae24411,88
1760249185,,,/home/lunarz/Pictures/BackupVideos/06143c3d226f5ca015ad4e376b6097a7947e03d9,88
1760249205,,,/home/lunarz/Pictures/BackupVideos/1597de1073f9271c6e4a383dfd8b6703181369c5,88
1760249215,,,/home/lunarz/Pictures/BackupVideos/1c9020f4a03db0678ec7a8b0817a5eae7aefec74,88
1760249276,,,/home/lunarz/Pictures/BackupVideos/b2963ab28edd4c0eb1d764e7fc985a0af779cdcf,88
1760249281,,,/home/lunarz/Pictures/BackupVideos/b2963ab28edd4c0eb1d764e7fc985a0af779cdcf,88
1760249997,,,/home/lunarz/Pictures/BackupVideos/f148537afc534554bc1137b7eae37348777d3961,88
1760250005,,,/home/lunarz/Pictures/BackupVideos/edcd2636919f9758050ccbb73941d8d93f71e7c7,88
1760250020,,,/home/lunarz/Pictures/BackupVideos/ec26352e8d86e4fabf169312c404745530d72873,88
1760250077,,,/home/lunarz/Pictures/BackupVideos/103246b1fa915822bb34bf439e7419f3628ef41b,88
1760250091,,,/home/lunarz/Pictures/BackupVideos/10ac526c62bb5246a0239bfffa10714f530bf10a,88
1760250152,,,/home/lunarz/Pictures/BackupVideos/90aa2f29f1d08399692e166d63191d69a71a9491,88
1762226662,,,/home/lunarz/2025-11-03 21-23-27.mp4,49
1762226693,,,/home/lunarz/_prefix32_wine/dosdevices/c:/users/lunarz/AppData/Local/Programs/bluebook/coconut.jpg,111
1762226698,,,/home/lunarz/_prefix32_wine/dosdevices/c:/users/lunarz/Documents/Mission Planner/logs/SITL/QUADROTOR/1/2025-11-03 17-32-25.tlog.jpg,144
1763329315,,,/home/lunarz/2025-11-16 15-41-41.mp4,49
1764387252,,,/home/lunarz/2025-11-28 21-33-23.mp4,49
1764391307,,,/home/lunarz/2025-11-28 22-40-25.mp4,49
1764405072,,,/home/lunarz/2025-11-29 02-31-06.mp4,49
1764405074,,,/home/lunarz/2025-11-29 02-31-06.mp4,49
1764405082,,,/home/lunarz/_prefix32_wine/dosdevices/c:/users/lunarz/Pictures/AlliPhone/100APPLE/IMG_0064.MOV,108
1764405083,,,/home/lunarz/_prefix32_wine/dosdevices/c:/users/lunarz/Pictures/AlliPhone/100APPLE/IMG_0118.MOV,108
1764405085,,,/home/lunarz/_prefix32_wine/dosdevices/c:/users/lunarz/Pictures/AlliPhone/100APPLE/IMG_0064.MOV,108
1764405086,,,/home/lunarz/_prefix32_wine/dosdevices/c:/users/lunarz/Pictures/AlliPhone/100APPLE/IMG_0164.MOV,108
1764405088,,,/home/lunarz/_prefix32_wine/dosdevices/c:/users/lunarz/Pictures/AlliPhone/100APPLE/IMG_0326.MOV,108
1764405999,,,/home/lunarz/2025-11-29 02-43-52.mp4,49
1764406205,,,/home/lunarz/sim_movement.mp4,42
1764406273,,,/home/lunarz/2025-11-29 02-50-52.mp4,49
1764406288,,,/home/lunarz/sim_movement.mp4,42
1764406351,,,/home/lunarz/2025-11-29 02-52-02.mp4,49
1764406375,,,/home/lunarz/sim_movement.mp4,42
1764433580,,,/home/lunarz/2025-11-29 03-01-48.mp4,49
1764433591,,,/home/lunarz/2025-11-29 03-07-09.mp4,49
1764433604,,,/home/lunarz/sim_gates_front_view.mp4,50
1764433619,,,/home/lunarz/sim_movement_overhead.mp4,51
1764433973,,,/home/lunarz/2025-11-29 10-32-19.mp4,49
1764433981,,,/home/lunarz/2025-11-29 10-29-46.mp4,49
1764434960,,,/home/lunarz/2025-11-29 10-48-28.mp4,49
1764435097,,,/home/lunarz/2025-11-29 10-51-03.mp4,49
1764435269,,,/home/lunarz/2025-11-29 10-51-57.mp4,49
1764435763,,,/home/lunarz/2025-11-29 11-01-05.mp4,49
1764436059,,,/home/lunarz/2025-11-29 11-06-59.mp4,49
1764436092,,,/home/lunarz/code_scrollthrough_nav2.mp4,53
1764436149,,,/home/lunarz/2025-11-29 11-08-41.mp4,49
1764436170,,,/home/lunarz/code_scrollthrough_nav2.mp4,53
1764437224,,,/home/lunarz/2025-11-29 11-25-30.mp4,49
1764437314,,,/home/lunarz/code_scrollthrough_nav2.mp4,53
1766464143,,,/home/lunarz/2025-12-22 22-26-52.mp4,49
1766478014,,,/home/lunarz/slam_partial.mp4,42
